[general]
archivo = fondojuego.png
mapa = ........................................................................................................................
       ........................................................................................................................
       ........................................................................................................................
       ..........................................##################################............................................
       ..........................................#....................?...........#............................................
       ..........................................#...)............................#............................................
       ..........................................#..............)...........).....#............................................
       ..........................................#................................#............................................
       ..........................................#................................#............................................
       ..........................................#................................#............................................
       ..........................................#................................#............................................
       ..........................................#...?......................?.....#............................................
       ..........................................#................................#............................................
       ..........................................#................................#............................................
       ..........................................#.......?........................#............................................
       ..........................................#................................#............................................
       ..........................................#................................#............................................
       ..........................................#...).........................)..#............................................
       .........################################.#................................#...################################.........
       .........#..............................#.#................................#...#..............................#.........
       .........#..........(...................###................................#####..............................#.........
       .........#...................&...............................................................¿................#.........
       .........#.............................................................&......................................#.........
       .........#........&...............................&...........................................................#.........
       .........#.........................................................................&................&.........#.........
       .........#..........................................................&.........................................#.........
       .........#...........(........................................................................................#.........
       .........#..............................................................$.....................................#.........
       .........#........................................$...........................................................#.........
       .........#....................................................................................................#.........
       .........#.......&........................................................................¿...................#.........
       .........#..........................................................................................&.........#.........
       .........#.....................&..................&...........................................................#.........
       .........#.......(......................................................$.....................................#.........
       .........#....................................................................................................#.........
       .........#....................................................................................................#.........
       .........#....................................................................................................#.........
       .........#........&.............(.......&..........$.................&...............&................¿.......#.........
       .........#....................................................................................................#.........
       .........#...................................................................................¿................#.........
       .........#################################....................................................................#.........
       .........................................#......../...............................#############################.........
       .........................................#........................................#.....................................
       .........................................#........................................#.....................................
       .........................................#......./................................#.....................................
       .........................................#.....................$............./....#.....................................
       .........................................#........................................#.....................................
       .........................................#........................................#.....................................
       .........................................#......$......................$...../....#.....................................
       .........................................#....................../.................#.....................................
       .........................................#........................................#.....................................
       .........................................#........................................#.....................................
       .........................................#......./..........$.....................#.....................................
       .........................................#..................................../...#.....................................
       .........................................#........................................#.....................................
       .........................................#........$.................$.............#.....................................
       .........................................##########################################.....................................
       ........................................................................................................................
       ........................................................................................................................

[#]
info = agua



[.]
info = pasto



[/]
info = palmera



[$]
info = tronco


[&]
info = piedra


[(]
info = arbol


[)]
info = arbol con nieve


[?]
info = piedra con niece


[¿]
info = arbol otoño


